[INFO] Scanning for projects...
[INFO] 
[INFO] ----------------------< mate.academy:book-store >-----------------------
[INFO] Building book-store 0.0.1-SNAPSHOT
[INFO]   from pom.xml
[INFO] --------------------------------[ jar ]---------------------------------
[INFO] 
[INFO] --- clean:3.4.1:clean (default-clean) @ book-store ---
[INFO] Deleting C:\Users\anton\IdeaProjects\hw-security\target
[INFO] 
[INFO] --- resources:3.3.1:resources (default-resources) @ book-store ---
[INFO] Copying 1 resource from src\main\resources to target\classes
[INFO] Copying 7 resources from src\main\resources to target\classes
[INFO] 
[INFO] --- compiler:3.14.0:compile (default-compile) @ book-store ---
[INFO] Recompiling the module because of changed source code.
[INFO] Compiling 27 source files with javac [debug parameters release 17] to target\classes
[WARNING] /C:/Users/anton/IdeaProjects/hw-security/src/main/java/mate/academy/bookstore/mapper/BookMapper.java:[14,10] Unmapped target properties: "id, deleted".
[WARNING] /C:/Users/anton/IdeaProjects/hw-security/src/main/java/mate/academy/bookstore/mapper/BookMapper.java:[16,10] Unmapped target properties: "id, deleted".
[WARNING] /C:/Users/anton/IdeaProjects/hw-security/src/main/java/mate/academy/bookstore/mapper/UserMapper.java:[16,10] Unmapped target properties: "deleted, authorities".
[INFO] /C:/Users/anton/IdeaProjects/hw-security/src/main/java/mate/academy/bookstore/model/Book.java: C:\Users\anton\IdeaProjects\hw-security\src\main\java\mate\academy\bookstore\model\Book.java uses or overrides a deprecated API.
[INFO] /C:/Users/anton/IdeaProjects/hw-security/src/main/java/mate/academy/bookstore/model/Book.java: Recompile with -Xlint:deprecation for details.
[INFO] 
[INFO] --- checkstyle:3.3.0:check (default) @ book-store ---
[INFO] Starting audit...
[ERROR] C:\Users\anton\IdeaProjects\hw-security\src\main\resources\application.properties:1: File does not end with a newline. [NewlineAtEndOfFile]
Audit done.
[INFO] ------------------------------------------------------------------------
[INFO] BUILD FAILURE
[INFO] ------------------------------------------------------------------------
[INFO] Total time:  9.519 s
[INFO] Finished at: 2026-08-14T13:08:34+03:00
[INFO] ------------------------------------------------------------------------
[ERROR] Failed to execute goal org.apache.maven.plugins:maven-checkstyle-plugin:3.3.0:check (default) on project book-store: Failed during checkstyle execution: There is 1 error reported by Checkstyle 9.3 with checkstyle.xml ruleset. -> [Help 1]
[ERROR] 
[ERROR] To see the full stack trace of the errors, re-run Maven with the -e switch.
[ERROR] Re-run Maven using the -X switch to enable full debug logging.
[ERROR] 
[ERROR] For more information about the errors and possible solutions, please read the following articles:
[ERROR] [Help 1] http://cwiki.apache.org/confluence/display/MAVEN/MojoExecutionException
